num cids=188, numSnp=0
01 -dateStamp singleKernCluster -phenDataFile Input\expression.test2.txt -inputTabFile Input\null -impType eigImp -model LMM -numEMit 3 -numIt 2 -outputFile Results\test.learnedK.EH.txt -indOfKernelInit 0 -k1 Input\expression.cov.txt -doFullKernelLearning -lmmTaskCount 2 -taskCount 2 -cluster RR1-N13-11-H41 -dir jennl\LMM -version 2 -relativeDir -copyInputFiles Input\expression.cov.txt,Input\expression.test2.txt,Input\snp.cov.txt -priority abovenormal -MinimumNumberOfNodes 2 -MaximumNumberOfNodes 2
singleKernCluster
machine: MLASBIO3
Start date: 1/13/2011 2:22:36 PM
Code version 1.0.4030.25558 compiled on 1/13/2011 2:11:56 PM
MODEL=LMM
Log likes:



