rowIndex	rowCount	nullIndex	SNPId	phenId	logLikeAlt	logLikeNull	pValue	SnpWeight	bias	geneticVarSq	residualVarSq	delta	nullBias	nullGeneticVar	nullResidualVar	nullDelta	numCidsRemoved	qValue
1	2	-1	nullModelOnly	10000659603	NaN       	1.9796541193190E+003	1.0000000000000E+000	NaN	NaN	NaN	NaN	NaN	-0.0467609902704043	5.72149412186005E-05	1.7502190519546E-11	3.05902446926855E-07	0	1
0	2	-1	nullModelOnly	10000659516	NaN       	1.9758076583127E+003	1.0000000000000E+000	NaN	NaN	NaN	NaN	NaN	-0.0454047889377672	5.96047263637187E-05	1.82332316430672E-11	3.05902446926855E-07	0	1
