rowIndex	rowCount	nullIndex	SNPId	phenId	logLikeAlt	logLikeNull	pValue	SnpWeight	bias	geneticVarSq	residualVarSq	delta	nullBias	nullGeneticVar	nullResidualVar	nullDelta	numCidsRemoved	qValue
1	2	-1	nullModelOnly	10000659603	NaN       	3.3083491686523E+002	1.0000000000000E+000	NaN	NaN	NaN	NaN	NaN	-0.046761011651755	0.005326457056989	1.62937624718375E-09	3.05902446926855E-07	0	1
0	2	-1	nullModelOnly	10000659516	NaN       	3.2687756247610E+002	1.0000000000000E+000	NaN	NaN	NaN	NaN	NaN	-0.0454048094053381	0.00555548548143338	1.69943660263709E-09	3.05902446926855E-07	0	1
