rowIndex	rowCount	nullIndex	SNPId	phenId	logLikeAlt	logLikeNull	pValue	SnpWeight	bias	geneticVarSq	residualVarSq	delta	nullBias	nullGeneticVar	nullResidualVar	nullDelta	numCidsRemoved	qValue
1	2	-1	nullModelOnly	10000659603	NaN       	1.7152059801893E+003	1.0000000000000E+000	NaN	NaN	NaN	NaN	NaN	-0.0467610118715704	5.66639574504146E-05	1.7333643236641E-11	3.05902446926855E-07	0	1
0	2	-1	nullModelOnly	10000659516	NaN       	1.7112480912049E+003	1.0000000000000E+000	NaN	NaN	NaN	NaN	NaN	-0.0454048098742214	5.91007455565929E-05	1.80790626809632E-11	3.05902446926855E-07	0	1
