rowIndex	rowCount	nullIndex	SNPId	phenId	logLikeAlt	logLikeNull	pValue	SnpWeight	bias	geneticVarSq	residualVarSq	delta	nullBias	nullGeneticVar	nullResidualVar	nullDelta	numCidsRemoved	k0weight	k1weight	qValue
1	2	-1	nullModelOnly	10000659603	NaN       	1.7152255801010E+003	1.0000000000000E+000	NaN	NaN	NaN	NaN	NaN	-0.0467610116502642	5.66639370072144E-05	1.7333636983016E-11	3.05902446926855E-07	0	3.81966011250105E-09	0.99999999618034	1
0	2	-1	nullModelOnly	10000659516	NaN       	1.7112682702713E+003	1.0000000000000E+000	NaN	NaN	NaN	NaN	NaN	-0.0454048094103863	5.91003601027405E-05	1.80789447696866E-11	3.05902446926855E-07	0	3.81966011250105E-09	0.99999999618034	1
