rowIndex	rowCount	nullIndex	SNPId	phenId	logLikeAlt	logLikeNull	pValue	SnpWeight	bias	geneticVarSq	residualVarSq	delta	nullBias	nullGeneticVar	nullResidualVar	nullDelta	numCidsRemoved	k0weight	k1weight	qValue
1	2	-1	nullModelOnly	10000659603	NaN       	2.0173842152707E+003	1.0000000000000E+000	NaN	NaN	NaN	NaN	NaN	-0.0467610116479729	5.66648852167726E-05	1.73339270426401E-11	3.05902446926855E-07	0	3.81966011250105E-09	0.99999999618034	1
0	2	-1	nullModelOnly	10000659516	NaN       	2.0134268885982E+003	1.0000000000000E+000	NaN	NaN	NaN	NaN	NaN	-0.0454048094056579	5.91013596728927E-05	1.8079250540642E-11	3.05902446926855E-07	0	3.81966011250105E-09	0.99999999618034	1
