-Cleanup True -leaveSnpDataOnDiskIfPossible False -phenDataFile Input\expression.test2.txt -phenDataFileList null -phenDataNames null -k1 Input\snp.cov.txt -k2 E:\Source\jennl\ERG\Bio\VirusCount\JennL\eLMM\RegressionTests\Results\test.learnedK.EHandPS.cov_twoKernLocal.ITF0.txt -dataForPossiblyLowRankKernel null -groupsFile null -forceRankDownTo -1 -groupKernelDir null -permutePhenInd 0 -groupsEeCovariates null -svdUFile null -svdDiagFile null -f null -TaskCount 1 -Tasks 0 -SkipFile null -MaxDegreeOfParallelism 8 -dateStamp twoKernLocal.ITF1 -seed 123456 -predictorTargetPairFilter FastLMM.NullOnly -covLearnType ONCE -MODEL FAST_LMM -impType EIGIMP -phenImpType NOIMP -mlType ML -numPC 0 -amountToAddToKernelDiag 0 -amountToAddToKernelDiagAndKeep 0 -deltaToUse NaN -numberOptimizationStarts 100 -minLogVal -15 -maxLogVal 5 -brentTol 1E-07 -brentMaxIter 100000 -doDeltaOptInLogSpace True -multiKBrentNumIntervalsBrentSearch 6 -multKBrentMaxIter 100000 -multKBrentTol 1E-07 -name FastLMM -REPORT_FREQ 1000 -E 01 -snpDataFile null -outputFile Results\test.learnedK.EHandPS_twoKernLocal.ITF10-1.QQ.txt
Start date: 1/13/2011 2:15:04 PM
Code version 1.0.4030.25558 compiled on 1/13/2011 2:11:56 PM
machine: MLASBIO3
Loading up 0 of 0 SNPs into memory
Keeping 2 of 2 phenotypes into memory
Going to fit FAST_LMM across 0 individuals, 2 phenotypes, 0 SNPs  using kernel of dimension 188

Total time = 0 seconds

Time to compute SVD for kernel is 0 seconds


Time to rotate data and do repmat of diags is 4.7E-06 seconds

Time to compute the null model= 66.1367888 seconds

Time to compute alternative models only is 0.0004981 seconds

PredictorTargetPairFilter is FastLMM.NullOnly
Loading up 0 of 0 SNPs into memory
Keeping 2 of 2 phenotypes into memory
Going to fit FAST_LMM across 0 individuals, 2 phenotypes, 0 SNPs  using kernel of dimension 188

Total time = 0 seconds

Time to compute SVD for kernel is 0 seconds


Time to rotate data and do repmat of diags is 2.2E-06 seconds

Time to compute the null model= 64.7909633 seconds

Time to compute alternative models only is 2.15E-05 seconds

PredictorTargetPairFilter is FastLMM.NullOnly

